2026-06-20 11:19:05.502159: E external/local_xla/xla/stream_executor/cuda/cuda_dnn.cc:9261] Unable to register cuDNN factory: Attempting to register factory for plugin cuDNN when one has already been registered
2026-06-20 11:19:05.502184: E external/local_xla/xla/stream_executor/cuda/cuda_fft.cc:607] Unable to register cuFFT factory: Attempting to register factory for plugin cuFFT when one has already been registered
2026-06-20 11:19:05.502977: E external/local_xla/xla/stream_executor/cuda/cuda_blas.cc:1515] Unable to register cuBLAS factory: Attempting to register factory for plugin cuBLAS when one has already been registered
2026-06-20 11:19:05.507526: I tensorflow/core/platform/cpu_feature_guard.cc:182] This TensorFlow binary is optimized to use available CPU instructions in performance-critical operations.
To enable the following instructions: SSE4.1 SSE4.2 AVX AVX2 FMA, in other operations, rebuild TensorFlow with the appropriate compiler flags.
/home/muneim/miniconda3/envs/tf215_gpu/lib/python3.10/site-packages/tensorflow_hub/__init__.py:61: UserWarning: pkg_resources is deprecated as an API. See https://setuptools.pypa.io/en/latest/pkg_resources.html. The pkg_resources package is slated for removal as early as 2025-11-30. Refrain from using this package or pin to Setuptools<81.
  from pkg_resources import parse_version
2026-06-20 11:19:07.194209: I external/local_xla/xla/stream_executor/cuda/cuda_executor.cc:901] successful NUMA node read from SysFS had negative value (-1), but there must be at least one NUMA node, so returning NUMA node zero. See more at https://github.com/torvalds/linux/blob/v6.0/Documentation/ABI/testing/sysfs-bus-pci#L344-L355
2026-06-20 11:19:07.254773: I external/local_xla/xla/stream_executor/cuda/cuda_executor.cc:901] successful NUMA node read from SysFS had negative value (-1), but there must be at least one NUMA node, so returning NUMA node zero. See more at https://github.com/torvalds/linux/blob/v6.0/Documentation/ABI/testing/sysfs-bus-pci#L344-L355
2026-06-20 11:19:07.254957: I external/local_xla/xla/stream_executor/cuda/cuda_executor.cc:901] successful NUMA node read from SysFS had negative value (-1), but there must be at least one NUMA node, so returning NUMA node zero. See more at https://github.com/torvalds/linux/blob/v6.0/Documentation/ABI/testing/sysfs-bus-pci#L344-L355
2026-06-20 11:19:07.255584: I external/local_xla/xla/stream_executor/cuda/cuda_executor.cc:901] successful NUMA node read from SysFS had negative value (-1), but there must be at least one NUMA node, so returning NUMA node zero. See more at https://github.com/torvalds/linux/blob/v6.0/Documentation/ABI/testing/sysfs-bus-pci#L344-L355
2026-06-20 11:19:07.255728: I external/local_xla/xla/stream_executor/cuda/cuda_executor.cc:901] successful NUMA node read from SysFS had negative value (-1), but there must be at least one NUMA node, so returning NUMA node zero. See more at https://github.com/torvalds/linux/blob/v6.0/Documentation/ABI/testing/sysfs-bus-pci#L344-L355
2026-06-20 11:19:07.255855: I external/local_xla/xla/stream_executor/cuda/cuda_executor.cc:901] successful NUMA node read from SysFS had negative value (-1), but there must be at least one NUMA node, so returning NUMA node zero. See more at https://github.com/torvalds/linux/blob/v6.0/Documentation/ABI/testing/sysfs-bus-pci#L344-L355
2026-06-20 11:19:07.322091: I external/local_xla/xla/stream_executor/cuda/cuda_executor.cc:901] successful NUMA node read from SysFS had negative value (-1), but there must be at least one NUMA node, so returning NUMA node zero. See more at https://github.com/torvalds/linux/blob/v6.0/Documentation/ABI/testing/sysfs-bus-pci#L344-L355
2026-06-20 11:19:07.322294: I external/local_xla/xla/stream_executor/cuda/cuda_executor.cc:901] successful NUMA node read from SysFS had negative value (-1), but there must be at least one NUMA node, so returning NUMA node zero. See more at https://github.com/torvalds/linux/blob/v6.0/Documentation/ABI/testing/sysfs-bus-pci#L344-L355
2026-06-20 11:19:07.322432: I external/local_xla/xla/stream_executor/cuda/cuda_executor.cc:901] successful NUMA node read from SysFS had negative value (-1), but there must be at least one NUMA node, so returning NUMA node zero. See more at https://github.com/torvalds/linux/blob/v6.0/Documentation/ABI/testing/sysfs-bus-pci#L344-L355
2026-06-20 11:19:07.322526: I tensorflow/core/common_runtime/gpu/gpu_device.cc:1929] Created device /job:localhost/replica:0/task:0/device:GPU:0 with 9857 MB memory:  -> device: 0, name: NVIDIA GeForce GTX 1080 Ti, pci bus id: 0000:01:00.0, compute capability: 6.1
Traceback (most recent call last):
  File "/home/muneim/Dropbox/Conda/mynanet/yamnet_sliding_window.py", line 430, in <module>
    main()
  File "/home/muneim/Dropbox/Conda/mynanet/yamnet_sliding_window.py", line 374, in main
    classifier, history = train_classifier(
  File "/home/muneim/Dropbox/Conda/mynanet/yamnet_sliding_window.py", line 261, in train_classifier
    model = build_classifier_head(embedding_dim=X_train.shape[1], num_classes=len(np.unique(y_train)))
IndexError: tuple index out of range

ERROR conda.cli.main_run:execute(127): `conda run python3 yamnet_sliding_window.py` failed. (See above for error)
======================================================================
YAMNet Sliding Window Benchmark on MyGardenBird (12-class)
======================================================================

Window configuration (equidistant, 5 windows):
  Window 1: frames   0- 95 (   0- 960 ms)
  Window 2: frames  51-146 ( 510-1470 ms)
  Window 3: frames 102-197 (1020-1980 ms)
  Window 4: frames 153-248 (1530-2490 ms)
  Window 5: frames 204-299 (2040-3000 ms)
Loading YAMNet from TensorFlow Hub...

✓ YAMNet loaded successfully

Loading test data from /Volumes/Evo/MYGARDENBIRD/metadata16khz/splits_mip_80_10_10.csv...
  Loaded 720 test samples

Running YAMNet sliding window inference on 720 samples...
  50/720
  100/720
  150/720
  200/720
  250/720
  300/720
  350/720
  400/720
  450/720
  500/720
  550/720
  600/720
  650/720
  700/720

Loading training/validation data...
  Training: 5760 samples
  Validation: 720 samples
  Test: 720 samples

Running YAMNet sliding window inference on 5760 samples...
  50/5760
  100/5760
  150/5760
  200/5760
  250/5760
  300/5760
  350/5760
  400/5760
  450/5760
  500/5760
  550/5760
  600/5760
  650/5760
  700/5760
  750/5760
  800/5760
  850/5760
  900/5760
  950/5760
  1000/5760
  1050/5760
  1100/5760
  1150/5760
  1200/5760
  1250/5760
  1300/5760
  1350/5760
  1400/5760
  1450/5760
  1500/5760
  1550/5760
  1600/5760
  1650/5760
  1700/5760
  1750/5760
  1800/5760
  1850/5760
  1900/5760
  1950/5760
  2000/5760
  2050/5760
  2100/5760
  2150/5760
  2200/5760
  2250/5760
  2300/5760
  2350/5760
  2400/5760
  2450/5760
  2500/5760
  2550/5760
  2600/5760
  2650/5760
  2700/5760
  2750/5760
  2800/5760
  2850/5760
  2900/5760
  2950/5760
  3000/5760
  3050/5760
  3100/5760
  3150/5760
  3200/5760
  3250/5760
  3300/5760
  3350/5760
  3400/5760
  3450/5760
  3500/5760
  3550/5760
  3600/5760
  3650/5760
  3700/5760
  3750/5760
  3800/5760
  3850/5760
  3900/5760
  3950/5760
  4000/5760
  4050/5760
  4100/5760
  4150/5760
  4200/5760
  4250/5760
  4300/5760
  4350/5760
  4400/5760
  4450/5760
  4500/5760
  4550/5760
  4600/5760
  4650/5760
  4700/5760
  4750/5760
  4800/5760
  4850/5760
  4900/5760
  4950/5760
  5000/5760
  5050/5760
  5100/5760
  5150/5760
  5200/5760
  5250/5760
  5300/5760
  5350/5760
  5400/5760
  5450/5760
  5500/5760
  5550/5760
  5600/5760
  5650/5760
  5700/5760
  5750/5760

Running YAMNet sliding window inference on 720 samples...
  50/720
  100/720
  150/720
  200/720
  250/720
  300/720
  350/720
  400/720
  450/720
  500/720
  550/720
  600/720
  650/720
  700/720

