
▶▶▶  3a: MobileNetV3Small width×0.5

════════════════════════════════════════════════════
  3_mobilenet_ablation  width_mult=0.5  seed=42
════════════════════════════════════════════════════

Loading from CSV splits:   0%|          | 0/7200 [00:00<?, ?file/s]
Loading from CSV splits:   0%|          | 28/7200 [00:00<00:25, 279.94file/s]
Loading from CSV splits:   1%|          | 57/7200 [00:00<00:25, 280.82file/s]
Loading from CSV splits:   1%|          | 86/7200 [00:00<00:25, 284.03file/s]
Loading from CSV splits:   2%|▏         | 115/7200 [00:00<00:24, 283.49file/s]
Loading from CSV splits:   2%|▏         | 144/7200 [00:00<00:25, 278.48file/s]
Loading from CSV splits:   2%|▏         | 173/7200 [00:00<00:25, 277.94file/s]
Loading from CSV splits:   3%|▎         | 202/7200 [00:00<00:24, 280.57file/s]
Loading from CSV splits:   3%|▎         | 231/7200 [00:00<00:25, 272.20file/s]
Loading from CSV splits:   4%|▎         | 259/7200 [00:00<00:28, 242.26file/s]
Loading from CSV splits:   4%|▍         | 287/7200 [00:01<00:27, 251.79file/s]
Loading from CSV splits:   4%|▍         | 316/7200 [00:01<00:26, 261.43file/s]
Loading from CSV splits:   5%|▍         | 345/7200 [00:01<00:25, 267.76file/s]
Loading from CSV splits:   5%|▌         | 374/7200 [00:01<00:24, 273.10file/s]
Loading from CSV splits:   6%|▌         | 402/7200 [00:01<00:25, 264.58file/s]
Loading from CSV splits:   6%|▌         | 431/7200 [00:01<00:25, 269.82file/s]
Loading from CSV splits:   6%|▋         | 462/7200 [00:01<00:24, 279.44file/s]
Loading from CSV splits:   7%|▋         | 492/7200 [00:01<00:23, 283.58file/s]
Loading from CSV splits:   7%|▋         | 521/7200 [00:01<00:23, 283.27file/s]
Loading from CSV splits:   8%|▊         | 550/7200 [00:02<00:25, 259.69file/s]
Loading from CSV splits:   8%|▊         | 579/7200 [00:02<00:24, 267.05file/s]
Loading from CSV splits:   8%|▊         | 607/7200 [00:02<00:24, 268.22file/s]
Loading from CSV splits:   9%|▉         | 635/7200 [00:02<00:24, 271.25file/s]
Loading from CSV splits:   9%|▉         | 663/7200 [00:02<00:24, 262.95file/s]
Loading from CSV splits:  10%|▉         | 692/7200 [00:02<00:24, 268.82file/s]
Loading from CSV splits:  10%|█         | 721/7200 [00:02<00:23, 274.50file/s]
Loading from CSV splits:  10%|█         | 750/7200 [00:02<00:23, 277.77file/s]
Loading from CSV splits:  11%|█         | 778/7200 [00:02<00:25, 255.65file/s]
Loading from CSV splits:  11%|█         | 804/7200 [00:02<00:25, 254.98file/s]
Loading from CSV splits:  12%|█▏        | 832/7200 [00:03<00:24, 261.08file/s]
Loading from CSV splits:  12%|█▏        | 860/7200 [00:03<00:24, 264.15file/s]
Loading from CSV splits:  12%|█▏        | 887/7200 [00:03<00:24, 261.45file/s]
Loading from CSV splits:  13%|█▎        | 915/7200 [00:03<00:23, 266.04file/s]
Loading from CSV splits:  13%|█▎        | 944/7200 [00:03<00:22, 272.59file/s]
Loading from CSV splits:  14%|█▎        | 974/7200 [00:03<00:22, 280.40file/s]
Loading from CSV splits:  14%|█▍        | 1003/7200 [00:03<00:22, 275.44file/s]
Loading from CSV splits:  14%|█▍        | 1033/7200 [00:03<00:21, 282.41file/s]
Loading from CSV splits:  15%|█▍        | 1062/7200 [00:03<00:21, 281.73file/s]
Loading from CSV splits:  15%|█▌        | 1091/7200 [00:04<00:21, 278.76file/s]
Loading from CSV splits:  16%|█▌        | 1120/7200 [00:04<00:21, 279.74file/s]
Loading from CSV splits:  16%|█▌        | 1149/7200 [00:04<00:22, 270.14file/s]
Loading from CSV splits:  16%|█▋        | 1177/7200 [00:04<00:22, 268.41file/s]
Loading from CSV splits:  17%|█▋        | 1206/7200 [00:04<00:21, 274.41file/s]
Loading from CSV splits:  17%|█▋        | 1235/7200 [00:04<00:21, 278.21file/s]
Loading from CSV splits:  18%|█▊        | 1265/7200 [00:04<00:20, 283.78file/s]
Loading from CSV splits:  18%|█▊        | 1294/7200 [00:04<00:22, 267.42file/s]
Loading from CSV splits:  18%|█▊        | 1324/7200 [00:04<00:21, 274.24file/s]
Loading from CSV splits:  19%|█▉        | 1353/7200 [00:04<00:21, 276.27file/s]
Loading from CSV splits:  19%|█▉        | 1381/7200 [00:05<00:27, 213.48file/s]
Loading from CSV splits:  20%|█▉        | 1405/7200 [00:05<00:26, 219.84file/s]
Loading from CSV splits:  20%|█▉        | 1435/7200 [00:05<00:24, 239.38file/s]
Loading from CSV splits:  20%|██        | 1463/7200 [00:05<00:22, 249.89file/s]
Loading from CSV splits:  21%|██        | 1491/7200 [00:05<00:22, 256.16file/s]
Loading from CSV splits:  21%|██        | 1518/7200 [00:05<00:21, 259.42file/s]
Loading from CSV splits:  21%|██▏       | 1547/7200 [00:05<00:21, 267.81file/s]
Loading from CSV splits:  22%|██▏       | 1577/7200 [00:05<00:20, 276.07file/s]
Loading from CSV splits:  22%|██▏       | 1606/7200 [00:05<00:19, 280.00file/s]
Loading from CSV splits:  23%|██▎       | 1635/7200 [00:06<00:19, 280.89file/s]
Loading from CSV splits:  23%|██▎       | 1664/7200 [00:06<00:24, 223.03file/s]
Loading from CSV splits:  24%|██▎       | 1694/7200 [00:06<00:22, 242.00file/s]
Loading from CSV splits:  24%|██▍       | 1722/7200 [00:06<00:21, 250.96file/s]
Loading from CSV splits:  24%|██▍       | 1749/7200 [00:06<00:21, 251.71file/s]
Loading from CSV splits:  25%|██▍       | 1777/7200 [00:06<00:20, 258.78file/s]
Loading from CSV splits:  25%|██▌       | 1807/7200 [00:06<00:20, 269.46file/s]
Loading from CSV splits:  25%|██▌       | 1835/7200 [00:06<00:19, 268.71file/s]
Loading from CSV splits:  26%|██▌       | 1863/7200 [00:07<00:19, 271.28file/s]
Loading from CSV splits:  26%|██▋       | 1891/7200 [00:07<00:20, 257.26file/s]
Loading from CSV splits:  27%|██▋       | 1921/7200 [00:07<00:19, 266.80file/s]
Loading from CSV splits:  27%|██▋       | 1950/7200 [00:07<00:19, 271.93file/s]
Loading from CSV splits:  27%|██▋       | 1979/7200 [00:07<00:18, 275.45file/s]
Loading from CSV splits:  28%|██▊       | 2007/7200 [00:07<00:19, 265.06file/s]
Loading from CSV splits:  28%|██▊       | 2034/7200 [00:07<00:20, 250.23file/s]
Loading from CSV splits:  29%|██▊       | 2063/7200 [00:07<00:19, 257.68file/s]
Loading from CSV splits:  29%|██▉       | 2094/7200 [00:07<00:18, 269.96file/s]
Loading from CSV splits:  30%|██▉       | 2124/7200 [00:07<00:18, 275.55file/s]
Loading from CSV splits:  30%|██▉       | 2152/7200 [00:08<00:18, 275.30file/s]
Loading from CSV splits:  30%|███       | 2182/7200 [00:08<00:17, 281.68file/s]
Loading from CSV splits:  31%|███       | 2211/7200 [00:08<00:17, 279.46file/s]
Loading from CSV splits:  31%|███       | 2241/7200 [00:08<00:17, 283.34file/s]
Loading from CSV splits:  32%|███▏      | 2270/7200 [00:08<00:18, 268.98file/s]
Loading from CSV splits:  32%|███▏      | 2300/7200 [00:08<00:17, 276.11file/s]
Loading from CSV splits:  32%|███▏      | 2328/7200 [00:08<00:17, 271.41file/s]
Loading from CSV splits:  33%|███▎      | 2358/7200 [00:08<00:17, 277.85file/s]
Loading from CSV splits:  33%|███▎      | 2386/7200 [00:08<00:17, 271.17file/s]
Loading from CSV splits:  34%|███▎      | 2414/7200 [00:09<00:17, 271.49file/s]
Loading from CSV splits:  34%|███▍      | 2442/7200 [00:09<00:17, 269.96file/s]
Loading from CSV splits:  34%|███▍      | 2470/7200 [00:09<00:17, 267.46file/s]
Loading from CSV splits:  35%|███▍      | 2497/7200 [00:09<00:17, 262.40file/s]
Loading from CSV splits:  35%|███▌      | 2524/7200 [00:09<00:19, 238.14file/s]
Loading from CSV splits:  35%|███▌      | 2552/7200 [00:09<00:18, 248.93file/s]
Loading from CSV splits:  36%|███▌      | 2580/7200 [00:09<00:18, 256.04file/s]
Loading from CSV splits:  36%|███▌      | 2609/7200 [00:09<00:17, 265.08file/s]
Loading from CSV splits:  37%|███▋      | 2636/7200 [00:09<00:17, 259.45file/s]
Loading from CSV splits:  37%|███▋      | 2663/7200 [00:10<00:22, 204.64file/s]
Loading from CSV splits:  37%|███▋      | 2686/7200 [00:10<00:21, 205.23file/s]
Loading from CSV splits:  38%|███▊      | 2715/7200 [00:10<00:19, 226.07file/s]
Loading from CSV splits:  38%|███▊      | 2741/7200 [00:10<00:18, 234.77file/s]
Loading from CSV splits:  38%|███▊      | 2768/7200 [00:10<00:18, 243.78file/s]
Loading from CSV splits:  39%|███▉      | 2796/7200 [00:10<00:17, 251.91file/s]
Loading from CSV splits:  39%|███▉      | 2825/7200 [00:10<00:16, 262.33file/s]
Loading from CSV splits:  40%|███▉      | 2854/7200 [00:10<00:16, 268.05file/s]
Loading from CSV splits:  40%|████      | 2883/7200 [00:10<00:15, 273.22file/s]
Loading from CSV splits:  40%|████      | 2911/7200 [00:11<00:15, 274.14file/s]
Loading from CSV splits:  41%|████      | 2941/7200 [00:11<00:15, 276.89file/s]
Loading from CSV splits:  41%|████      | 2969/7200 [00:11<00:15, 276.55file/s]
Loading from CSV splits:  42%|████▏     | 2997/7200 [00:11<00:15, 275.65file/s]
Loading from CSV splits:  42%|████▏     | 3025/7200 [00:11<00:25, 165.49file/s]
Loading from CSV splits:  42%|████▏     | 3047/7200 [00:11<00:25, 163.77file/s]
Loading from CSV splits:  43%|████▎     | 3068/7200 [00:11<00:25, 162.07file/s]
Loading from CSV splits:  43%|████▎     | 3087/7200 [00:12<00:25, 163.39file/s]
Loading from CSV splits:  43%|████▎     | 3106/7200 [00:12<00:29, 139.40file/s]
Loading from CSV splits:  43%|████▎     | 3124/7200 [00:12<00:27, 145.90file/s]
Loading from CSV splits:  44%|████▎     | 3141/7200 [00:12<00:34, 117.34file/s]
Loading from CSV splits:  44%|████▍     | 3169/7200 [00:12<00:26, 150.53file/s]
Loading from CSV splits:  44%|████▍     | 3197/7200 [00:12<00:22, 179.69file/s]
Loading from CSV splits:  45%|████▍     | 3226/7200 [00:12<00:19, 206.29file/s]
Loading from CSV splits:  45%|████▌     | 3250/7200 [00:13<00:21, 187.17file/s]
Loading from CSV splits:  46%|████▌     | 3278/7200 [00:13<00:18, 207.30file/s]
Loading from CSV splits:  46%|████▌     | 3306/7200 [00:13<00:17, 224.41file/s]
Loading from CSV splits:  46%|████▋     | 3334/7200 [00:13<00:16, 238.44file/s]
Loading from CSV splits:  47%|████▋     | 3361/7200 [00:13<00:15, 245.10file/s]
Loading from CSV splits:  47%|████▋     | 3388/7200 [00:13<00:15, 251.85file/s]
Loading from CSV splits:  47%|████▋     | 3417/7200 [00:13<00:14, 261.47file/s]
Loading from CSV splits:  48%|████▊     | 3444/7200 [00:13<00:14, 259.40file/s]
Loading from CSV splits:  48%|████▊     | 3473/7200 [00:13<00:13, 267.59file/s]
Loading from CSV splits:  49%|████▊     | 3502/7200 [00:13<00:13, 273.12file/s]
Loading from CSV splits:  49%|████▉     | 3530/7200 [00:14<00:13, 269.83file/s]
Loading from CSV splits:  49%|████▉     | 3560/7200 [00:14<00:13, 276.83file/s]
Loading from CSV splits:  50%|████▉     | 3589/7200 [00:14<00:12, 278.12file/s]
Loading from CSV splits:  50%|█████     | 3619/7200 [00:14<00:12, 283.31file/s]
Loading from CSV splits:  51%|█████     | 3648/7200 [00:14<00:12, 273.74file/s]
Loading from CSV splits:  51%|█████     | 3677/7200 [00:14<00:12, 276.94file/s]
Loading from CSV splits:  51%|█████▏    | 3706/7200 [00:14<00:12, 279.88file/s]
Loading from CSV splits:  52%|█████▏    | 3735/7200 [00:14<00:12, 278.65file/s]
Loading from CSV splits:  52%|█████▏    | 3764/7200 [00:14<00:12, 281.13file/s]
Loading from CSV splits:  53%|█████▎    | 3793/7200 [00:15<00:12, 280.91file/s]
Loading from CSV splits:  53%|█████▎    | 3822/7200 [00:15<00:12, 281.42file/s]
Loading from CSV splits:  53%|█████▎    | 3851/7200 [00:15<00:11, 282.42file/s]
Loading from CSV splits:  54%|█████▍    | 3880/7200 [00:15<00:11, 281.55file/s]
Loading from CSV splits:  54%|█████▍    | 3909/7200 [00:15<00:11, 281.73file/s]
Loading from CSV splits:  55%|█████▍    | 3938/7200 [00:15<00:11, 275.48file/s]
Loading from CSV splits:  55%|█████▌    | 3966/7200 [00:15<00:11, 276.52file/s]
Loading from CSV splits:  56%|█████▌    | 3996/7200 [00:15<00:11, 281.60file/s]
Loading from CSV splits:  56%|█████▌    | 4026/7200 [00:15<00:11, 286.33file/s]
Loading from CSV splits:  56%|█████▋    | 4057/7200 [00:15<00:10, 289.87file/s]
Loading from CSV splits:  57%|█████▋    | 4087/7200 [00:16<00:10, 284.42file/s]
Loading from CSV splits:  57%|█████▋    | 4117/7200 [00:16<00:10, 288.38file/s]
Loading from CSV splits:  58%|█████▊    | 4147/7200 [00:16<00:10, 289.04file/s]
Loading from CSV splits:  58%|█████▊    | 4176/7200 [00:16<00:10, 288.24file/s]
Loading from CSV splits:  58%|█████▊    | 4205/7200 [00:16<00:10, 280.69file/s]
Loading from CSV splits:  59%|█████▉    | 4234/7200 [00:16<00:10, 280.54file/s]
Loading from CSV splits:  59%|█████▉    | 4264/7200 [00:16<00:10, 284.72file/s]
Loading from CSV splits:  60%|█████▉    | 4294/7200 [00:16<00:10, 288.36file/s]
Loading from CSV splits:  60%|██████    | 4324/7200 [00:16<00:09, 289.91file/s]
Loading from CSV splits:  60%|██████    | 4354/7200 [00:16<00:09, 286.07file/s]
Loading from CSV splits:  61%|██████    | 4384/7200 [00:17<00:09, 287.86file/s]
Loading from CSV splits:  61%|██████▏   | 4413/7200 [00:17<00:09, 285.34file/s]
Loading from CSV splits:  62%|██████▏   | 4443/7200 [00:17<00:09, 287.25file/s]
Loading from CSV splits:  62%|██████▏   | 4473/7200 [00:17<00:09, 288.36file/s]
Loading from CSV splits:  63%|██████▎   | 4502/7200 [00:17<00:09, 278.34file/s]
Loading from CSV splits:  63%|██████▎   | 4531/7200 [00:17<00:09, 279.10file/s]
Loading from CSV splits:  63%|██████▎   | 4560/7200 [00:17<00:09, 281.07file/s]
Loading from CSV splits:  64%|██████▎   | 4589/7200 [00:17<00:09, 282.49file/s]
Loading from CSV splits:  64%|██████▍   | 4619/7200 [00:17<00:09, 286.20file/s]
Loading from CSV splits:  65%|██████▍   | 4649/7200 [00:18<00:08, 288.54file/s]
Loading from CSV splits:  65%|██████▍   | 4678/7200 [00:18<00:08, 287.02file/s]
Loading from CSV splits:  65%|██████▌   | 4707/7200 [00:18<00:08, 286.83file/s]
Loading from CSV splits:  66%|██████▌   | 4736/7200 [00:18<00:15, 160.74file/s]
Loading from CSV splits:  66%|██████▌   | 4759/7200 [00:18<00:19, 125.34file/s]
Loading from CSV splits:  66%|██████▋   | 4777/7200 [00:19<00:23, 103.41file/s]
Loading from CSV splits:  67%|██████▋   | 4792/7200 [00:19<00:24, 96.41file/s] 
Loading from CSV splits:  67%|██████▋   | 4819/7200 [00:19<00:19, 123.81file/s]
Loading from CSV splits:  67%|██████▋   | 4848/7200 [00:19<00:15, 154.44file/s]
Loading from CSV splits:  68%|██████▊   | 4875/7200 [00:19<00:13, 177.61file/s]
Loading from CSV splits:  68%|██████▊   | 4903/7200 [00:19<00:11, 200.36file/s]
Loading from CSV splits:  68%|██████▊   | 4929/7200 [00:19<00:10, 214.94file/s]
Loading from CSV splits:  69%|██████▉   | 4959/7200 [00:19<00:09, 236.46file/s]
Loading from CSV splits:  69%|██████▉   | 4985/7200 [00:20<00:09, 242.24file/s]
Loading from CSV splits:  70%|██████▉   | 5011/7200 [00:20<00:08, 246.10file/s]
Loading from CSV splits:  70%|██████▉   | 5039/7200 [00:20<00:08, 254.66file/s]
Loading from CSV splits:  70%|███████   | 5067/7200 [00:20<00:08, 260.04file/s]
Loading from CSV splits:  71%|███████   | 5094/7200 [00:20<00:08, 261.43file/s]
Loading from CSV splits:  71%|███████   | 5121/7200 [00:20<00:07, 261.62file/s]
Loading from CSV splits:  72%|███████▏  | 5148/7200 [00:20<00:07, 263.02file/s]
Loading from CSV splits:  72%|███████▏  | 5177/7200 [00:20<00:07, 270.02file/s]
Loading from CSV splits:  72%|███████▏  | 5206/7200 [00:20<00:07, 275.01file/s]
Loading from CSV splits:  73%|███████▎  | 5235/7200 [00:20<00:07, 278.22file/s]
Loading from CSV splits:  73%|███████▎  | 5264/7200 [00:21<00:06, 279.30file/s]
Loading from CSV splits:  74%|███████▎  | 5292/7200 [00:21<00:06, 278.35file/s]
Loading from CSV splits:  74%|███████▍  | 5321/7200 [00:21<00:06, 279.28file/s]
Loading from CSV splits:  74%|███████▍  | 5349/7200 [00:21<00:06, 276.02file/s]
Loading from CSV splits:  75%|███████▍  | 5377/7200 [00:21<00:06, 260.59file/s]
Loading from CSV splits:  75%|███████▌  | 5406/7200 [00:21<00:06, 267.96file/s]
Loading from CSV splits:  76%|███████▌  | 5436/7200 [00:21<00:06, 275.22file/s]
Loading from CSV splits:  76%|███████▌  | 5464/7200 [00:21<00:06, 272.71file/s]
Loading from CSV splits:  76%|███████▋  | 5492/7200 [00:21<00:06, 270.46file/s]
Loading from CSV splits:  77%|███████▋  | 5520/7200 [00:22<00:06, 271.20file/s]
Loading from CSV splits:  77%|███████▋  | 5548/7200 [00:22<00:06, 269.11file/s]
Loading from CSV splits:  77%|███████▋  | 5575/7200 [00:22<00:06, 260.01file/s]
Loading from CSV splits:  78%|███████▊  | 5602/7200 [00:22<00:06, 260.02file/s]
Loading from CSV splits:  78%|███████▊  | 5629/7200 [00:22<00:06, 258.71file/s]
Loading from CSV splits:  79%|███████▊  | 5656/7200 [00:22<00:05, 261.51file/s]
Loading from CSV splits:  79%|███████▉  | 5686/7200 [00:22<00:05, 270.88file/s]
Loading from CSV splits:  79%|███████▉  | 5715/7200 [00:22<00:05, 273.93file/s]
Loading from CSV splits:  80%|███████▉  | 5743/7200 [00:22<00:05, 274.51file/s]
Loading from CSV splits:  80%|████████  | 5771/7200 [00:22<00:05, 275.48file/s]
Loading from CSV splits:  81%|████████  | 5799/7200 [00:23<00:05, 272.11file/s]
Loading from CSV splits:  81%|████████  | 5827/7200 [00:23<00:05, 269.50file/s]
Loading from CSV splits:  81%|████████▏ | 5855/7200 [00:23<00:04, 269.01file/s]
Loading from CSV splits:  82%|████████▏ | 5883/7200 [00:23<00:04, 269.77file/s]
Loading from CSV splits:  82%|████████▏ | 5910/7200 [00:23<00:04, 267.31file/s]
Loading from CSV splits:  82%|████████▏ | 5938/7200 [00:23<00:04, 268.10file/s]
Loading from CSV splits:  83%|████████▎ | 5965/7200 [00:23<00:04, 266.70file/s]
Loading from CSV splits:  83%|████████▎ | 5992/7200 [00:23<00:04, 264.15file/s]
Loading from CSV splits:  84%|████████▎ | 6019/7200 [00:23<00:04, 261.32file/s]
Loading from CSV splits:  84%|████████▍ | 6047/7200 [00:24<00:04, 265.19file/s]
Loading from CSV splits:  84%|████████▍ | 6075/7200 [00:24<00:04, 269.43file/s]
Loading from CSV splits:  85%|████████▍ | 6103/7200 [00:24<00:04, 269.99file/s]
Loading from CSV splits:  85%|████████▌ | 6131/7200 [00:24<00:03, 269.99file/s]
Loading from CSV splits:  86%|████████▌ | 6160/7200 [00:24<00:03, 275.10file/s]
Loading from CSV splits:  86%|████████▌ | 6188/7200 [00:24<00:03, 267.99file/s]
Loading from CSV splits:  86%|████████▋ | 6217/7200 [00:24<00:03, 272.79file/s]
Loading from CSV splits:  87%|████████▋ | 6246/7200 [00:24<00:03, 277.58file/s]
Loading from CSV splits:  87%|████████▋ | 6276/7200 [00:24<00:03, 282.08file/s]
Loading from CSV splits:  88%|████████▊ | 6305/7200 [00:24<00:03, 281.89file/s]
Loading from CSV splits:  88%|████████▊ | 6334/7200 [00:25<00:03, 271.46file/s]
Loading from CSV splits:  88%|████████▊ | 6362/7200 [00:25<00:03, 265.38file/s]
Loading from CSV splits:  89%|████████▉ | 6390/7200 [00:25<00:03, 267.01file/s]
Loading from CSV splits:  89%|████████▉ | 6419/7200 [00:25<00:02, 270.08file/s]
Loading from CSV splits:  90%|████████▉ | 6447/7200 [00:25<00:02, 265.52file/s]
Loading from CSV splits:  90%|████████▉ | 6474/7200 [00:25<00:02, 265.87file/s]
Loading from CSV splits:  90%|█████████ | 6502/7200 [00:25<00:02, 269.50file/s]
Loading from CSV splits:  91%|█████████ | 6531/7200 [00:25<00:02, 273.29file/s]
Loading from CSV splits:  91%|█████████ | 6559/7200 [00:25<00:02, 273.56file/s]
Loading from CSV splits:  92%|█████████▏| 6588/7200 [00:25<00:02, 277.79file/s]
Loading from CSV splits:  92%|█████████▏| 6617/7200 [00:26<00:02, 281.36file/s]
Loading from CSV splits:  92%|█████████▏| 6646/7200 [00:26<00:01, 280.93file/s]
Loading from CSV splits:  93%|█████████▎| 6675/7200 [00:26<00:01, 281.95file/s]
Loading from CSV splits:  93%|█████████▎| 6704/7200 [00:26<00:01, 281.07file/s]
Loading from CSV splits:  94%|█████████▎| 6733/7200 [00:26<00:01, 279.52file/s]
Loading from CSV splits:  94%|█████████▍| 6761/7200 [00:26<00:01, 277.35file/s]
Loading from CSV splits:  94%|█████████▍| 6791/7200 [00:26<00:01, 281.47file/s]
Loading from CSV splits:  95%|█████████▍| 6821/7200 [00:26<00:01, 285.29file/s]
Loading from CSV splits:  95%|█████████▌| 6850/7200 [00:26<00:01, 283.71file/s]
Loading from CSV splits:  96%|█████████▌| 6879/7200 [00:27<00:01, 283.88file/s]
Loading from CSV splits:  96%|█████████▌| 6908/7200 [00:27<00:01, 283.17file/s]
Loading from CSV splits:  96%|█████████▋| 6937/7200 [00:27<00:00, 285.07file/s]
Loading from CSV splits:  97%|█████████▋| 6966/7200 [00:27<00:00, 279.92file/s]
Loading from CSV splits:  97%|█████████▋| 6995/7200 [00:27<00:00, 245.43file/s]
Loading from CSV splits:  98%|█████████▊| 7022/7200 [00:27<00:00, 250.45file/s]
Loading from CSV splits:  98%|█████████▊| 7052/7200 [00:27<00:00, 259.78file/s]
Loading from CSV splits:  98%|█████████▊| 7081/7200 [00:27<00:00, 267.38file/s]
Loading from CSV splits:  99%|█████████▉| 7110/7200 [00:27<00:00, 273.25file/s]
Loading from CSV splits:  99%|█████████▉| 7138/7200 [00:27<00:00, 274.62file/s]
Loading from CSV splits: 100%|█████████▉| 7167/7200 [00:28<00:00, 276.64file/s]
Loading from CSV splits: 100%|█████████▉| 7195/7200 [00:28<00:00, 276.63file/s]
Loading from CSV splits: 100%|██████████| 7200/7200 [00:28<00:00, 255.14file/s]
Traceback (most recent call last):
  File "/home/muneim/Dropbox/Conda/mynanet/3_mobilenet_ablation.py", line 1497, in <module>
    main()
  File "/home/muneim/Dropbox/Conda/mynanet/3_mobilenet_ablation.py", line 1260, in main
    model = create_mobilenetv3s(num_classes, config['input_shape'],
  File "/home/muneim/Dropbox/Conda/mynanet/3_mobilenet_ablation.py", line 796, in create_mobilenetv3s
    backbone = tf_keras.applications.MobileNetV3Small(
NameError: name 'tf_keras' is not defined

ERROR conda.cli.main_run:execute(127): `conda run python3 /home/muneim/Dropbox/Conda/mynanet/3_mobilenet_ablation.py --width_mult 0.5 --splits_csv /Volumes/Evo/MYGARDENBIRD/metadata16khz/splits_mip_80_10_10.csv --flat_dir /Volumes/Evo/MYGARDENBIRD/mygardenbird16khz --n_mels 64 --dropout 0.05 --warmup_epochs 70 --mixup 0.2 --random_seed 42` failed. (See above for error)




 🔶  🔶  🔶  🔶  🔶  🔶  🔶  🔶  🔶  🔶  🔶  🔶  🔶  🔶  🔶  🔶  🔶  🔶  🔶  🔶  🔶  🔶  🔶  🔶  🔶  🔶  🔶  🔶  🔶  🔶 
 🔶  🔶  🔶  🔶  🔶  🔶  🔶  🔶  🔶  🔶  🔶  🔶  🔶  🔶  🔶  🔶  🔶  🔶  🔶  🔶  🔶  🔶  🔶  🔶  🔶  🔶  🔶  🔶  🔶  🔶 
 🔶  🔶  🔶  🔶  🔶  🔶  🔶  🔶  🔶  🔶  🔶  🔶  🔶  🔶  🔶  🔶  🔶  🔶  🔶  🔶  🔶  🔶  🔶  🔶  🔶  🔶  🔶  🔶  🔶  🔶 

======================================================================
ENVIRONMENT VALIDATION (Checking before dataset preparation)
======================================================================
✓ TensorFlow version: 2.15.0
✓ tf_keras version: 2.15.0
✓ Found 1 GPU(s)
  GPU: /physical_device:GPU:0
  Device: NVIDIA GeForce GTX 1080 Ti
  Memory growth: Enabled (prevents OOM errors)
  Deterministic ops: Enabled (stable cuDNN)

✓ Environment check PASSED - safe to proceed with dataset preparation
======================================================================
Using AdamW optimizer (Linux - optimal for weight decay)

Config:
  Width multiplier: 0.5
  Random seed: 42
  Warmup epochs: 70
  Finetune epochs: 20
  Batch size: 32
  Warmup LR: 0.001
  Finetune LR: 1e-05
  Dropout: 0.05
  Model: MobileNetV3Small (from scratch, width_mult=0.5)
  Augmentation: mixup
  Mixup Alpha: 0.2
  LR Schedule: cosine
  Spectrogram: 64x300 (10ms/frame)
  Splits CSV: /Volumes/Evo/MYGARDENBIRD/metadata16khz/splits_mip_80_10_10.csv
  Flat dir: /Volumes/Evo/MYGARDENBIRD/mygardenbird16khz

Computing global normalization stats...
Computing global stats (sampling up to 100 files per class, n_mels=64)...
✓ Global stats computed from 1200 files: -80.00 → -16.75 dB

Loading dataset from CSV splits...
======================================================================

Dataset Structure: CSV-based split from /Volumes/Evo/MYGARDENBIRD/metadata16khz/splits_mip_80_10_10.csv
  Flat dir: /Volumes/Evo/MYGARDENBIRD/mygardenbird16khz
  CSV entries: 7200
  Files found: 7200

Augmentation Strategy:
  Train: mixup (alpha=0.2)
  Total samples to process: 7200

✓ CSV Split Complete:
  Test (held-out):          720 samples
  Val (held-out):           720 samples
  Train (w/ augment):      5760 samples
  Total:                   7200 samples
  Classes:                12

  ✓ NO DATA LEAKAGE: Test and Val samples never augmented
  ✓ INDEPENDENT SPLITS: True held-out evaluation (CSV-based)
======================================================================

✓ Total samples loaded: 7200
✓ Number of classes: 12
✓ Spectrogram shape: (64, 300, 1)

Final Split:
  Train:      5760 samples (80.0%)
  Val:         720 samples (10.0%)
  Test:        720 samples (10.0%)
  Total:      7200 samples

Test Set Class Distribution:
  Coppersmith Barbet            :  60 samples
  Spotted Dove                  :  60 samples
  Collared Kingfisher           :  60 samples
  Asian Koel                    :  60 samples
  White-breasted Waterhen       :  60 samples
  Common Iora                   :  60 samples
  Large-tailed Nightjar         :  60 samples
  Yellow-vented Bulbul          :  60 samples
  Pied Fantail                  :  60 samples
  Olive-backed Sunbird          :  60 samples
  Common Tailorbird             :  60 samples
  White-throated Kingfisher     :  60 samples

Validation Set Class Distribution:
  Coppersmith Barbet            :  60 samples
  Spotted Dove                  :  60 samples
  Collared Kingfisher           :  60 samples
  Asian Koel                    :  60 samples
  White-breasted Waterhen       :  60 samples
  Common Iora                   :  60 samples
  Large-tailed Nightjar         :  60 samples
  Yellow-vented Bulbul          :  60 samples
  Pied Fantail                  :  60 samples
  Olive-backed Sunbird          :  60 samples
  Common Tailorbird             :  60 samples
  White-throated Kingfisher     :  60 samples

✓ Calibration set: 200 samples (from validation set)

======================================================================
CREATING MobileNetV3Small MODEL (Series 3, width_mult=0.5) — from scratch
======================================================================

